  Animación_Básica.cpp
C:\Users\SAMGC\Documents\Practica 5\Practica0\Animación_Básica.cpp(194,24): warning C4244: 'inicializando': conversión de 'double' a 'GLfloat'; posible pérdida de datos
C:\Users\SAMGC\Documents\Practica 5\Practica0\Animación_Básica.cpp(234,20): warning C4244: '=': conversión de 'double' a 'T'; posible pérdida de datos
C:\Users\SAMGC\Documents\Practica 5\Practica0\Animación_Básica.cpp(234,20): warning C4244:         with
C:\Users\SAMGC\Documents\Practica 5\Practica0\Animación_Básica.cpp(234,20): warning C4244:         [
C:\Users\SAMGC\Documents\Practica 5\Practica0\Animación_Básica.cpp(234,20): warning C4244:             T=float
C:\Users\SAMGC\Documents\Practica 5\Practica0\Animación_Básica.cpp(234,20): warning C4244:         ]
C:\Users\SAMGC\Documents\Practica 5\Practica0\Animación_Básica.cpp(235,20): warning C4244: '=': conversión de 'double' a 'T'; posible pérdida de datos
C:\Users\SAMGC\Documents\Practica 5\Practica0\Animación_Básica.cpp(235,20): warning C4244:         with
C:\Users\SAMGC\Documents\Practica 5\Practica0\Animación_Básica.cpp(235,20): warning C4244:         [
C:\Users\SAMGC\Documents\Practica 5\Practica0\Animación_Básica.cpp(235,20): warning C4244:             T=float
C:\Users\SAMGC\Documents\Practica 5\Practica0\Animación_Básica.cpp(235,20): warning C4244:         ]
C:\Users\SAMGC\Documents\Practica 5\Practica0\Animación_Básica.cpp(236,20): warning C4244: '=': conversión de 'double' a 'T'; posible pérdida de datos
C:\Users\SAMGC\Documents\Practica 5\Practica0\Animación_Básica.cpp(236,20): warning C4244:         with
C:\Users\SAMGC\Documents\Practica 5\Practica0\Animación_Básica.cpp(236,20): warning C4244:         [
C:\Users\SAMGC\Documents\Practica 5\Practica0\Animación_Básica.cpp(236,20): warning C4244:             T=float
C:\Users\SAMGC\Documents\Practica 5\Practica0\Animación_Básica.cpp(236,20): warning C4244:         ]
C:\Users\SAMGC\Documents\Practica 5\Practica0\Animación_Básica.cpp(461,11): warning C4244: '=': conversión de 'double' a 'GLfloat'; posible pérdida de datos
C:\Users\SAMGC\Documents\Practica 5\Practica0\Animación_Básica.cpp(462,11): warning C4244: '=': conversión de 'double' a 'GLfloat'; posible pérdida de datos
C:\Users\SAMGC\Documents\Practica 5\Practica0\Animación_Básica.cpp(466,18): warning C4244: 'inicializando': conversión de 'double' a 'GLfloat'; posible pérdida de datos
C:\Users\SAMGC\Documents\Practica 5\Practica0\Animación_Básica.cpp(467,18): warning C4244: 'inicializando': conversión de 'double' a 'GLfloat'; posible pérdida de datos
C:\Users\SAMGC\Documents\Practica 5\Practica0\Animación_Básica.cpp(469,10): warning C4244: '=': conversión de 'double' a 'GLfloat'; posible pérdida de datos
C:\Users\SAMGC\Documents\Practica 5\Practica0\Animación_Básica.cpp(470,10): warning C4244: '=': conversión de 'double' a 'GLfloat'; posible pérdida de datos
LINK : warning LNK4098: la biblioteca predeterminada'MSVCRT' entra en conflicto con otras bibliotecas; use la biblioteca /NODEFAULTLIB:biblioteca
soil2-debug.lib(etc1_utils.obj) : warning LNK4099: no se encontró PDB 'soil2-debug.pdb' con 'soil2-debug.lib(etc1_utils.obj)' o en 'C:\Users\SAMGC\Documents\Practica 5\Debug\soil2-debug.pdb'; se vinculará el objeto sin tener en cuenta información de depuración
soil2-debug.lib(image_DXT.obj) : warning LNK4099: no se encontró PDB 'soil2-debug.pdb' con 'soil2-debug.lib(image_DXT.obj)' o en 'C:\Users\SAMGC\Documents\Practica 5\Debug\soil2-debug.pdb'; se vinculará el objeto sin tener en cuenta información de depuración
soil2-debug.lib(image_helper.obj) : warning LNK4099: no se encontró PDB 'soil2-debug.pdb' con 'soil2-debug.lib(image_helper.obj)' o en 'C:\Users\SAMGC\Documents\Practica 5\Debug\soil2-debug.pdb'; se vinculará el objeto sin tener en cuenta información de depuración
soil2-debug.lib(SOIL2.obj) : warning LNK4099: no se encontró PDB '' con 'soil2-debug.lib(SOIL2.obj)' o en ''; se vinculará el objeto sin tener en cuenta información de depuración
  Practica0.vcxproj -> C:\Users\SAMGC\Documents\Practica 5\Debug\Practica0.exe
